Abbas
Abdulla
Abil
Abulfat
Abulfaz
Abuzar
Adalat
Adam
Adil
Adile
Afaq
Afat
Afiq
Aflatun
Afqan
Afruz
Afsane
Aftandil
Aga
Agabaci
Agabala
Agalar
Agca
Aggul
Ahad
Ahliman
Ahmad
Aida
Aide
Ajdar
Akbar
Akif
Akife
Akram
Aladdin
Alakbar
Alamdar
Alasgar
Aleksandr
Ali
Aliaga
Alibala
Alide
Alik
Alim
Alime
Alish
Alixan
Aliyar
Aliye
Alizade
Alizamin
Alla
Allahverdi
Allahyar
Almas
Almaz
Alovsat
Altay
Alvan
Amaliya
Amalya
Amid
Amil
Amin
Amine
Amir
Amrah
Anar
Anaxanim
Andrey
Anna
Antiqe
Anvar
Aqil
Aqshin
Arastun
Araz
Arif
Arife
Ariz
Arkinaz
Arzu
Arzuman
Asad
Asaf
Asgar
Ashraf
Asif
Asim
Asiman
Asiya
Aslan
Asli
Asmar
Asmaye
Asude
Asya
Atlas
Avaz
Ayaz
Aybaniz
Aydan
Aydin
Aygul
Aygun
Ayka
Ayna
Aynur
Aynure
Aysel
Ayshan
Ayshe
Aytac
Aytakin
Aytan
Ayxan
Ayyub
Azad
Azade
Azar
Azer
Azim
Aziz
Azizaga
Azize
Baba
Babak
Bagdagul
Bahadur
Bahar
Bahlul
Bahman
Bahram
Bahruz
Bakir
Balaxanim
Banovshe
Barat
Basdi
Bashir
Basire
Basti
Baxtiyar
Bayaz
Bayim
Baylar
Bayram
Bibixanim
Bike
Bilal
Boyukaga
Boyukxanim
Brilyant
Cabbar
Cabir
Cabrayil
Cafar
Cahan
Cahangir
Cahid
Calal
Calil
Camal
Camaladdin
Camale
Camil
Camile
Cannat
Casarat
Cavad
Cavahir
Cavanshir
Cavid
Cavidan
Ceyhun
Ceyhune
Ceyran
Cichak
Cimnaz
Cinare
Cingiz
Coshqun
Cumshud
Dadash
Dashqin
Davud
Dayanat
Diana
Dilafruz
Dilare
Dilavar
Dilbar
Dilqam
Dilshad
Dunya
Dunyaxanim
Durdane
Durna
Dursun
Ehtibar
Ehtiram
Elbrus
Elburus
Elcan
Elchin
Elchin
Elcin
Eldaniz
Eldar
Elena
Elgiz
Elgun
Ellada
Elmaddin
Elman
Elmar
Elmin
Elminaz
Elmir
Elmira
Elnare
Elnaz
Elnur
Elnure
Elsevar
Elshad
Elshan
Elshan
Elvin
Elvira
Elxan
Elza
Emil
Emin
Eshqin
Esmira
Etibar
Eynulla
Eyvaz
Eyyub
Faiq
Famil
Famile
Faqan
Farahim
Farhad
Farid
Faride
Fariz
Farman
Farqane
Farrux
Fatime
Fatma
Faxraddin
Faxrande
Faxri
Faxriyye
Fazail
Fazil
Fazile
Ferid
Feyruz
Fidan
Fikrat
Firangiz
Firdovsi
Firuddin
Firudin
Firuz
Firuze
Fizuli
Fizze
Flora
Fuad
Fuzuli
Garay
Gilas
Govhar
Goyarchin
Goychak
Gozal
Gulabatin
Gulaga
Gulandam
Gulane
Gular
Gulare
Gulay
Gulaye
Gulbaci
Gulbahar
Gulbaniz
Gulcahan
Gulchohre
Guldane
Guldaste
Gulgaz
Gullar
Gullu
Gulmaye
Gulmira
Gulmire
Gulnar
Gulnare
Gulnaz
Gulnise
Guloglan
Gulpari
Gulsabah
Gulsanam
Gulsare
Gulshad
Gulshan
Gulsum
Gulsure
Gultakin
Gulush
Gulustan
Guluzar
Gulxanim
Gulxar
Gulyaz
Gulzade
Gulzar
Gunash
Gunay
Gunay
Gunduz
Gunel
Gunel
Habib
Habibe
Habil
Hacar
Haci
Hadiyye
Hafiz
Hafize
Hakim
Halime
Hamayil
Hamid
Hamide
Hamlet
Hamze
Hanife
Haqiqat
Hasan
Hasanaga
Hasrat
Havva
Hayat
Heydar
Heyran
Hicran
Hidayat
Hikmat
Hilal
Hokume
Humay
Humbat
Huru
Huseyn
Huseyn
Huseynaga
Husniyye
Ibadat
Ibrahim
Idris
Ikram
Ilahe
Ildirim
Ilham
Ilhame
Ilkin
Ilqar
Iltifat
Ilyas
Iman
Imran
Inqilab
Intiqam
Intizar
Iqbal
Irade
Irane
Irina
Isa
Isgandar
Islam
Ismat
Ismayil
Israfil
Israyil
Ixtiyar
Izzat
Jale
Kaklik
Kamal
Kamaladdin
Kamale
Kamil
Kamile
Kamran
Kanan
Karam
Karim
Kazim
Kenan
Kifayat
Konul
Kubra
Kubra
Lachin
Lala
Lalazar
Lale
Laman
Lamiye
Lamiyye
Larisa
Latafat
Latif
Latife
Leyla
Leyli
Lidiya
Logman
Lyubov
Lyudmila
Maarif
Macid
Madine
Mahabbat
Mahammad
Mahammadali
Maharram
Mahbube
Mahir
Mahire
Mahizar
Mahluqe
Mahmud
Mahsati
Mais
Maise
Malahat
Malak
Maleyke
Malik
Mamed
Mammad
Mammadaga
Mammadali
Mansur
Mansure
Manzar
Maqsud
Maral
Marcan
Mardan
Marif
Marina
Mariya
Maryam
Marziye
Marziyye
Masme
Matanat
Matlab
Maya
Mayil
Mayis
Mazahir
Mehbare
Mehdi
Mehman
Mehpare
Mehri
Mehriban
Mehti
Mikayil
Mina
Minare
Minaxanim
Minaye
Mine
Mirvari
Mirze
Mobil
Mohubbat
Mubariz
Munavvar
Murad
Mursal
Murshud
Murvat
Musa
Mushfiq
Mushviq
Muslum
Mustafa
Muxtar
Muzaffar
Nabat
Nabi
Nacaf
Nacibe
Nadejda
Nadir
Nahid
Nahide
Naib
Naibe
Naide
Nail
Naile
Namik
Namiq
Nanaxanim
Nargile
Nargiz
Nariman
Naringul
Narmin
Narmine
Narxanim
Nasib
Nasibe
Nasimi
Nasir
Nasraddin
Natalya
Natavan
Natella
Natiq
Natiqe
Nazakat
Nazife
Nazile
Nazim
Nazime
Nazir
Nazire
Nazli
Nazrin
Nazxanim
Nemat
Nicat
Nigar
Nihad
Nina
Nise
Niyamaddin
Niyaz
Niyazi
Nizam
Nizami
Nofal
Novraste
Novruz
Nubar
Nubar
Nuraddin
Nuraddin
Nurane
Nuride
Nuriyye
Nurlan
Nurlana
Nurlane
Nuru
Nushabe
Nusrat
Ofeliya
Ofelya
Oksana
Oktay
Olqa
Omar
Oqtay
Orkhan
Oruc
Orxan
Osman
Pakize
Panah
Pari
Parvane
Parvin
Parviz
Pasha
Perviz
Polad
Punhan
Puste
Qabil
Qadir
Qafar
Qahraman
Qalib
Qalina
Qamar
Qanbar
Qandab
Qanimat
Qanire
Qara
Qaranfil
Qaratel
Qarib
Qaribe
Qasham
Qasim
Qatibe
Qazanfar
Qismat
Qiyas
Qizbas
Qizilgul
Qizqayit
Qizxanim
Qonche
Qorxmaz
Qoshqar
Qudrat
Qulu
Qumru
Qurban
Rabil
Rabiyye
Racab
Rade
Rafael
Rafail
Rafat
Rafayil
Rafik
Rafiq
Rafiqe
Rahib
Rahid
Rahil
Rahile
Rahim
Rahime
Rahman
Raife
Raisa
Raise
Ramal
Ramazan
Ramide
Ramil
Ramile
Ramin
Ramiz
Ramziyye
Rana
Raqibe
Raqif
Raqsane
Rashad
Rashad
Rashadat
Rashid
Rasim
Rasime
Rasmiye
Rasmiyye
Rasul
Rauf
Raul
Ravan
Ravane
Raxshande
Raya
Razi
Razim
Raziye
Raziyye
Resad
Reyhan
Reyhane
Rima
Rizvan
Roman
Rovshan
Rovshane
Roya
Royal
Roza
Rubabe
Rufane
Rufat
Rufat
Ruhane
Ruhangiz
Ruhiyye
Ruqiyye
Ruslan
Rustam
Rustam
Ruxsare
Ruxsare
Rza
Saadat
Sabina
Sabine
Sabir
Sabire
Sabit
Sabuhi
Sadagul
Sadaqat
Saday
Sadi
Sadiq
Sadiqe
Sadraddin
Safa
Safar
Safura
Safure
Sahar
Sahib
Sahibe
Sahil
Sahile
Said
Saide
Sakine
Sakit
Salatin
Saleh
Salim
Salime
Salman
Salmi
Salminaz
Saltanat
Sama
Samad
Samaddin
Samandar
Samaye
Samid
Samir
Samira
Samire
Sanam
Sanan
Sanubar
Sara
Saray
Sardar
Sarfinaz
Saringul
Sariyye
Sarvan
Sarvar
Sarxan
Saxavat
Sayad
Sayali
Sayavush
Sayyad
Sayyare
Sehran
Senan
Sergey
Sevar
Sevda
Sevil
Sevinc
Seyfaddin
Seymur
Seyran
Shaban
Shabnam
Shafa
Shafaq
Shafaqat
Shafiqe
Shahane
Shahbaz
Shahid
Shahin
Shahla
Shahlar
Shahmar
Shahnaz
Shahriyar
Shahsanam
Shahzade
Shaiq
Shakar
Shakir
Shalale
Shamama
Shamil
Shamistan
Shamo
Shamsaddin
Shamsi
Shamsiyye
Shamxal
Sharafat
Sharif
Sharqiye
Sharqiyye
Shirin
Shirvan
Shohrat
Shole
Shovkat
Shukufe
Shukufe
Shukur
Shura
Sima
Simuzar
Sitare
Siyasat
Siyavush
Solmaz
Soltan
Sona
Subhan
Sucayat
Sudabe
Suleyman
Sultan
Suqra
Sura
Suraye
Surayya
Surayye
Surxay
Susan
Sveta
Svetlana
Tabriz
Tacaddin
Tagi
Tahir
Tahire
Tahmine
Taleh
Talib
Tamam
Tamara
Tamasha
Tamella
Tamerlan
Tamile
Tamilla
Tanzile
Tapdiq
Tarane
Targul
Tarife
Tariyel
Tarlan
Taryel
Tatyana
Tavakkul
Tayyar
Tazagul
Tehran
Telli
Telman
Teymur
Teyyub
Tofiq
Togrul
Togrul
Tovuz
Tukazban
Tunzale
Turac
Tural
Turan
Turane
Turane
Turkan
Turkane
Tutu
Ulduz
Ulduze
Ulfat
Ulkar
Ulvi
Ulvi
Ulviyye
Umud
Uzeyir
Vadim
Vafa
Vafadar
Vahid
Vakil
Valeh
Valentina
Vali
Valide
Vaqif
Vasif
Vasile
Vazife
Vera
Vidadi
Viktoriya
Vilayat
Vladimir
Vugar
Vuqar
Vuqar
Vusal
Vusal
Vusale
Xadice
Xaladdin
Xalid
Xalide
Xalil
Xaliq
Xanim
Xanlar
Xanoglan
Xaqani
Xatin
Xatire
Xavar
Xayal
Xayale
Xayyam
Xazangul
Xazar
Xoshbaxt
Xoshqadam
Xudaverdi
Xumar
Xuraman
Yadigar
Yahya
Yalchin
Yaqub
Yaqut
Yasaman
Yashar
Yasin
Yavar
Yazgul
Yegane
Yelena
Yetar
Yuliya
Yunis
Yusif
Zabil
Zabit
Zafar
Zahid
Zahide
Zahir
Zahire
Zahra
Zakir
Zakiyye
Zaman
Zamin
Zamine
Zamiq
Zarife
Zarnigar
Zarnishan
Zarqalam
Zarxanim
Zaur
Zemfira
Zenfira
Zeynab
Zeynal
Ziba
Zibeyde
Zinyat
Zivar
Ziya
Ziyad
Ziyaddin
Ziyafat
Zohrab
Zohre
Zoya
Zuleyxa
Zulfiyye
Zulfuqar
Zumrud
