Abasov
Abasova
Abbasov
Abbasova
Abdullayev
Abdullayeva
Abdurahmanov
Abdurahmanova
Abilov
Abilova
Abishov
Abishova
Adigozalov
Adigozalova
Adilov
Afandiyev
Afandiyeva
Agayev
Agayev
Agayeva
Ahadov
Ahadova
Ahmadov
Ahmadova
Akbarov
Akbarova
Alakbarov
Alakbarova
Alasgarov
Alasgarova
Aliev
Alieva
Alishov
Alishova
Aliyev
Aliyeva
Alizadeh
Allahverdiyev
Allahverdiyeva
Amiraslanov
Amiraslanova
Amirov
Amirova
Amrahov
Amrahova
Asadov
Asadova
Asgarov
Asgarova
Askarov
Askarova
Aslanov
Aslanova
Atakishiyev
Atakishiyeva
Axundov
Axundova
Azimov
Azimova
Azizov
Azizova
Babayev
Babayeva
Badalov
Badalova
Bagirov
Bagirova
Bakirov
Bakirova
Balayev
Balayeva
Bashirov
Bashirova
Baxishov
Baxishova
Baxshaliyev
Baxshaliyeva
Baxshiyev
Baxshiyeva
Bayramov
Bayramova
Cabbarov
Cabbarova
Cabiyev
Cabiyeva
Cabrayilov
Cabrayilova
Cafarov
Cafarova
Cahangirov
Cahangirova
Calilov
Calilova
Camalov
Camalova
Cavadov
Cavadova
Dadashov
Dadashova
Damirov
Damirova
Eliyev
Eminov
Eminova
Eyvazov
Eyvazova
Faracov
Faracova
Farzaliyev
Farzaliyeva
Fataliyev
Fataliyeva
Fatullayev
Fatullayeva
Feyzullayeva
Gozalov
Gozalova
Guseynov
Habibov
Habibova
Haciyev
Haciyeva
Hamidov
Hamidova
Hamzayev
Hamzayeva
Haqverdiyev
Haqverdiyeva
Hasanli
Hasanov
Hasanova
Hashimov
Hashimova
Hesenov
Heydarov
Heydarova
Humbatov
Humbatova
Huseynov
Huseynov
Huseynova
Ibadov
Ibadova
Ibrahimov
Ibrahimova
Ilyasov
Ilyasova
Imanov
Imanova
Isayev
Isayeva
Isgandarov
Isgandarova
Iskandarov
Iskandarova
Islamov
Islamova
Ismayilov
Ismayilova
Israfilov
Israfilova
Karimov
Karimova
Kazimov
Kazimova
Kerimov
Latifov
Latifova
Macidov
Macidova
Maharramov
Maharramova
Mahmudov
Mahmudova
Malikov
Malikova
Mamedov
Mamedova
Mammadli
Mammadov
Mammadova
Mammadzadeh
Manafov
Manafova
Masimov
Masimova
Mehdiyev
Mehdiyeva
Mehraliyev
Mehraliyeva
Mehtiyev
Mehtiyeva
Memmedov
Mikayilov
Mikayilova
Mirzaliyev
Mirzaliyeva
Mirzayev
Mirzayeva
Muradov
Muradova
Mursalov
Mursalova
Musayev
Musayeva
Mustafayev
Mustafayeva
Muxtarov
Muxtarova
Nabiyev
Nabiyeva
Nacafov
Nacafova
Nagiyev
Nagiyeva
Namazov
Namazova
Nasibov
Nasibova
Nasirov
Nasirova
Nazarov
Nazarova
Niftaliyev
Niftaliyeva
Novruzov
Novruzova
Nuriyev
Nuriyeva
omarov
omarova
Orucov
Orucova
Osmanov
Osmanova
Panahov
Panahova
Pashayev
Pashayeva
Piriyev
Piriyeva
Qadimov
Qadimova
Qadirov
Qadirova
Qafarov
Qafarova
Qahramanov
Qahramanova
Qanbarov
Qanbarova
Qarayev
Qarayeva
Qaribov
Qaribova
Qasimov
Qasimova
Qocayev
Qocayeva
Quliyev
Quliyeva
Quluyev
Quluyeva
Qurbanov
Qurbanova
Racabov
Racabova
Rahimov
Rahimova
Ramazanov
Ramazanova
Rasulov
Rasulova
Rustamov
Rustamova
Rzayev
Rzayeva
Sadiqov
Sadiqova
Safarov
Safarova
Salahov
Salahova
Salimov
Salimova
Salmanov
Salmanova
Samadov
Samadova
Sariyev
Sariyeva
Seyidov
Seyidova
shabanov
shabanova
shafiyeva
shahbazov
shahbazova
shahverdiyev
shahverdiyeva
sharifov
sharifova
shiraliyev
shiraliyeva
shirinov
shirinova
shixaliyev
shixaliyeva
shukurov
shukurova
Soltanov
Soltanova
Suleymanov
Suleymanova
Sultanov
Sultanova
Tagiyev
Tagiyeva
Tahirov
Tahirova
Tahmazov
Tahmazova
Talibov
Talibova
Teymurov
Teymurova
Valiyev
Valiyeva
Verdiyev
Verdiyeva
Xalilov
Xalilova
Xankishiyev
Xankishiyeva
Xudiyev
Xudiyeva
Yaqubov
Yaqubova
Yusibov
Yusibova
Yusifov
Yusifova
Yusubov
Yusubova
Zamanov
Zamanova
Zeynalov
Zeynalova
Zulfuqarov
Zulfuqarova
